To honour the JVM settings for this build a single-use Daemon process will be forked. For more on this, please refer to https://docs.gradle.org/9.3.1/userguide/gradle_daemon.html#sec:disabling_the_daemon in the Gradle documentation.
Daemon will be stopped at the end of the build 

> Configure project :app
WARNING: The option setting 'android.disallowKotlinSourceSets=false' is experimental.
The current default is 'true'.
WARNING: The option setting 'android.builtInKotlin=false' is deprecated.
The current default is 'true'.
It will be removed in version 10.0 of the Android Gradle plugin.
WARNING: The option setting 'android.newDsl=false' is deprecated.
The current default is 'true'.
It will be removed in version 10.0 of the Android Gradle plugin.
w: file:///C:/Users/aliso/Documents/PassGo/app/build.gradle.kts:8:1: 'fun Project.android(configure: Action<BaseAppModuleExtension>): Unit' is deprecated. Replaced by com.android.build.api.dsl.ApplicationExtension.
This class is not used for the public extensions in AGP when android.newDsl=true, which is the default in AGP 9.0, and will be removed in AGP 10.0.
w: file:///C:/Users/aliso/Documents/PassGo/app/build.gradle.kts:37:5: 'fun BaseAppModuleExtension.kotlinOptions(configure: Action<DeprecatedKotlinJvmOptions>): Unit' is deprecated. Please migrate to the compilerOptions DSL. More details are here: https://kotl.in/u1r8ln.
w: file:///C:/Users/aliso/Documents/PassGo/app/build.gradle.kts:38:9: 'var jvmTarget: String' is deprecated. Please migrate to the compilerOptions DSL. More details are here: https://kotl.in/u1r8ln.

> Task :app:clean
> Task :app:preBuild UP-TO-DATE
> Task :app:preDebugBuild UP-TO-DATE
> Task :app:mergeDebugNativeDebugMetadata NO-SOURCE
> Task :app:checkKotlinGradlePluginConfigurationErrors SKIPPED
> Task :app:generateDebugResources
> Task :app:packageDebugResources
> Task :app:processDebugNavigationResources
> Task :app:generateDebugAssets UP-TO-DATE
> Task :app:javaPreCompileDebug
> Task :app:parseDebugLocalResources
> Task :app:mergeDebugAssets
> Task :app:compressDebugAssets
> Task :app:desugarDebugFileDependencies
> Task :app:generateDebugRFile
> Task :app:checkDebugAarMetadata
> Task :app:kspDebugKotlin
> Task :app:compileDebugNavigationResources
> Task :app:mapDebugSourceSetPaths
> Task :app:createDebugCompatibleScreenManifests
> Task :app:extractDeepLinksDebug
> Task :app:mergeDebugResources
> Task :app:processDebugMainManifest
> Task :app:processDebugManifest
> Task :app:mergeDebugJniLibFolders
> Task :app:checkDebugDuplicateClasses
> Task :app:processDebugManifestForPackage
> Task :app:mergeDebugNativeLibs
> Task :app:mergeExtDexDebug

> Task :app:kspDebugKotlin FAILED
e: [ksp] java.lang.IllegalStateException: unexpected jvm signature V

> Task :app:mergeExtDexDebug FAILED
.\gradlew.bat : 
En línea: 1 Carácter: 1
+ .\gradlew.bat clean assembleDebug --no-daemon --console=plain > build ...
+ ~~~~~~~~~~~~~~~~~~~~~~~~~~~~~~~~~~~~~~~~~~~~~~~~~~~~~~~~~~~~~~~~~~~~~
    + CategoryInfo          : NotSpecified: (:String) [], RemoteException
    + FullyQualifiedErrorId : NativeCommandError
 
FAILURE: Build completed with 2 failures.

1: Task failed with an exception.
-----------
* What went wrong:
Execution failed for task ':app:kspDebugKotlin'.
> A failure occurred while executing 
com.google.devtools.ksp.gradle.KspAAWorkerAction
   > unexpected jvm signature V

* Try:
> Run with --stacktrace option to get the stack trace.
> Run with --info or --debug option to get more log output.
> Run with --scan to get full insights from a Build Scan (powered by 
Develocity).
> Get more help at https://help.gradle.org.
==============================================================================

2: Task failed with an exception.
-----------
* What went wrong:
Execution failed for task ':app:mergeExtDexDebug'.
> A build operation failed.
      Timeout waiting to lock cache directory 17033d31376ad5670d4c56ad3325d808 
(C:\Users\aliso\.gradle\caches\9.3.1\transforms\17033d31376ad5670d4c56ad3325d80
8). It is currently in use by another process.
  Owner PID: 20136
  Our PID: 30700
  Owner Operation: 
  Our operation: 
  Lock file: C:\Users\aliso\.gradle\caches\9.3.1\transforms\17033d31376ad5670d4
c56ad3325d808\17033d31376ad5670d4c56ad3325d808.lock
   > Timeout waiting to lock cache directory 17033d31376ad5670d4c56ad3325d808 (
C:\Users\aliso\.gradle\caches\9.3.1\transforms\17033d31376ad5670d4c56ad3325d808
). It is currently in use by another process.
     Owner PID: 20136
     Our PID: 30700
     Owner Operation: 
     Our operation: 
     Lock file: C:\Users\aliso\.gradle\caches\9.3.1\transforms\17033d31376ad567
0d4c56ad3325d808\17033d31376ad5670d4c56ad3325d808.lock

* Try:
> Run with --stacktrace option to get the stack trace.
> Run with --info or --debug option to get more log output.
> Run with --scan to get full insights from a Build Scan (powered by 
Develocity).
24 actionable tasks: 24 executed
> Get more help at https://help.gradle.org.
==============================================================================

BUILD FAILED in 8m 36s
